Archive member included to satisfy reference by file (symbol)

d:/programfiles/atmel/studio/7.0/toolchain/avr8/avr8-gnu-toolchain/bin/../lib/gcc/avr/5.4.0/avr5\libgcc.a(_udivmodsi4.o)
                              main.o (__udivmodsi4)
d:/programfiles/atmel/studio/7.0/toolchain/avr8/avr8-gnu-toolchain/bin/../lib/gcc/avr/5.4.0/avr5\libgcc.a(_exit.o)
                              D:/ProgramFiles/Atmel/Studio/7.0/Packs/atmel/ATmega_DFP/1.6.364/gcc/dev/atmega32/avr5/crtatmega32.o (exit)
d:/programfiles/atmel/studio/7.0/toolchain/avr8/avr8-gnu-toolchain/bin/../lib/gcc/avr/5.4.0/avr5\libgcc.a(_tablejump2.o)
                              main.o (__tablejump2__)
d:/programfiles/atmel/studio/7.0/toolchain/avr8/avr8-gnu-toolchain/bin/../lib/gcc/avr/5.4.0/avr5\libgcc.a(_copy_data.o)
                              main.o (__do_copy_data)
d:/programfiles/atmel/studio/7.0/toolchain/avr8/avr8-gnu-toolchain/bin/../lib/gcc/avr/5.4.0/avr5\libgcc.a(_clear_bss.o)
                              main.o (__do_clear_bss)
d:/programfiles/atmel/studio/7.0/toolchain/avr8/avr8-gnu-toolchain/bin/../lib/gcc/avr/5.4.0/avr5\libgcc.a(_muluhisi3.o)
                              main.o (__muluhisi3)
d:/programfiles/atmel/studio/7.0/toolchain/avr8/avr8-gnu-toolchain/bin/../lib/gcc/avr/5.4.0/avr5\libgcc.a(_umulhisi3.o)
                              d:/programfiles/atmel/studio/7.0/toolchain/avr8/avr8-gnu-toolchain/bin/../lib/gcc/avr/5.4.0/avr5\libgcc.a(_muluhisi3.o) (__umulhisi3)

Allocating common symbols
Common symbol       size              file

rtc_register        0x7               main.o
appendFileLocation  0x4               main.o
dateFAT             0x2               main.o
firstDataSector     0x4               main.o
fileSize            0x4               main.o
bytesPerSector      0x2               main.o
totalClusters       0x4               main.o
rootCluster         0x4               main.o
timeFAT             0x2               main.o
startBlock          0x4               main.o
buffer              0x200             main.o
sectorPerCluster    0x2               main.o
unusedSectors       0x4               main.o
SDHC_flag           0x1               main.o
totalBlocks         0x4               main.o
reservedSectorCount
                    0x2               main.o
time                0xa               main.o
appendStartCluster  0x4               main.o
cardType            0x1               main.o
day                 0x1               main.o
date                0xc               main.o
freeClusterCountUpdated
                    0x1               main.o
appendFileSector    0x4               main.o

Discarded input sections

 .data          0x00000000        0x0 D:/ProgramFiles/Atmel/Studio/7.0/Packs/atmel/ATmega_DFP/1.6.364/gcc/dev/atmega32/avr5/crtatmega32.o
 .bss           0x00000000        0x0 D:/ProgramFiles/Atmel/Studio/7.0/Packs/atmel/ATmega_DFP/1.6.364/gcc/dev/atmega32/avr5/crtatmega32.o
 .text          0x00000000        0x0 main.o
 .data          0x00000000        0x0 main.o
 .bss           0x00000000        0x0 main.o
 .text.transmitHex
                0x00000000       0x9e main.o
 .text.RTC_setStartAddress
                0x00000000       0x3c main.o
 .text          0x00000000        0x0 d:/programfiles/atmel/studio/7.0/toolchain/avr8/avr8-gnu-toolchain/bin/../lib/gcc/avr/5.4.0/avr5\libgcc.a(_udivmodsi4.o)
 .data          0x00000000        0x0 d:/programfiles/atmel/studio/7.0/toolchain/avr8/avr8-gnu-toolchain/bin/../lib/gcc/avr/5.4.0/avr5\libgcc.a(_udivmodsi4.o)
 .bss           0x00000000        0x0 d:/programfiles/atmel/studio/7.0/toolchain/avr8/avr8-gnu-toolchain/bin/../lib/gcc/avr/5.4.0/avr5\libgcc.a(_udivmodsi4.o)
 .text.libgcc.mul
                0x00000000        0x0 d:/programfiles/atmel/studio/7.0/toolchain/avr8/avr8-gnu-toolchain/bin/../lib/gcc/avr/5.4.0/avr5\libgcc.a(_udivmodsi4.o)
 .text.libgcc   0x00000000        0x0 d:/programfiles/atmel/studio/7.0/toolchain/avr8/avr8-gnu-toolchain/bin/../lib/gcc/avr/5.4.0/avr5\libgcc.a(_udivmodsi4.o)
 .text.libgcc.prologue
                0x00000000        0x0 d:/programfiles/atmel/studio/7.0/toolchain/avr8/avr8-gnu-toolchain/bin/../lib/gcc/avr/5.4.0/avr5\libgcc.a(_udivmodsi4.o)
 .text.libgcc.builtins
                0x00000000        0x0 d:/programfiles/atmel/studio/7.0/toolchain/avr8/avr8-gnu-toolchain/bin/../lib/gcc/avr/5.4.0/avr5\libgcc.a(_udivmodsi4.o)
 .text.libgcc.fmul
                0x00000000        0x0 d:/programfiles/atmel/studio/7.0/toolchain/avr8/avr8-gnu-toolchain/bin/../lib/gcc/avr/5.4.0/avr5\libgcc.a(_udivmodsi4.o)
 .text.libgcc.fixed
                0x00000000        0x0 d:/programfiles/atmel/studio/7.0/toolchain/avr8/avr8-gnu-toolchain/bin/../lib/gcc/avr/5.4.0/avr5\libgcc.a(_udivmodsi4.o)
 .text          0x00000000        0x0 d:/programfiles/atmel/studio/7.0/toolchain/avr8/avr8-gnu-toolchain/bin/../lib/gcc/avr/5.4.0/avr5\libgcc.a(_exit.o)
 .data          0x00000000        0x0 d:/programfiles/atmel/studio/7.0/toolchain/avr8/avr8-gnu-toolchain/bin/../lib/gcc/avr/5.4.0/avr5\libgcc.a(_exit.o)
 .bss           0x00000000        0x0 d:/programfiles/atmel/studio/7.0/toolchain/avr8/avr8-gnu-toolchain/bin/../lib/gcc/avr/5.4.0/avr5\libgcc.a(_exit.o)
 .text.libgcc.mul
                0x00000000        0x0 d:/programfiles/atmel/studio/7.0/toolchain/avr8/avr8-gnu-toolchain/bin/../lib/gcc/avr/5.4.0/avr5\libgcc.a(_exit.o)
 .text.libgcc.div
                0x00000000        0x0 d:/programfiles/atmel/studio/7.0/toolchain/avr8/avr8-gnu-toolchain/bin/../lib/gcc/avr/5.4.0/avr5\libgcc.a(_exit.o)
 .text.libgcc   0x00000000        0x0 d:/programfiles/atmel/studio/7.0/toolchain/avr8/avr8-gnu-toolchain/bin/../lib/gcc/avr/5.4.0/avr5\libgcc.a(_exit.o)
 .text.libgcc.prologue
                0x00000000        0x0 d:/programfiles/atmel/studio/7.0/toolchain/avr8/avr8-gnu-toolchain/bin/../lib/gcc/avr/5.4.0/avr5\libgcc.a(_exit.o)
 .text.libgcc.builtins
                0x00000000        0x0 d:/programfiles/atmel/studio/7.0/toolchain/avr8/avr8-gnu-toolchain/bin/../lib/gcc/avr/5.4.0/avr5\libgcc.a(_exit.o)
 .text.libgcc.fmul
                0x00000000        0x0 d:/programfiles/atmel/studio/7.0/toolchain/avr8/avr8-gnu-toolchain/bin/../lib/gcc/avr/5.4.0/avr5\libgcc.a(_exit.o)
 .text.libgcc.fixed
                0x00000000        0x0 d:/programfiles/atmel/studio/7.0/toolchain/avr8/avr8-gnu-toolchain/bin/../lib/gcc/avr/5.4.0/avr5\libgcc.a(_exit.o)
 .text          0x00000000        0x0 d:/programfiles/atmel/studio/7.0/toolchain/avr8/avr8-gnu-toolchain/bin/../lib/gcc/avr/5.4.0/avr5\libgcc.a(_tablejump2.o)
 .data          0x00000000        0x0 d:/programfiles/atmel/studio/7.0/toolchain/avr8/avr8-gnu-toolchain/bin/../lib/gcc/avr/5.4.0/avr5\libgcc.a(_tablejump2.o)
 .bss           0x00000000        0x0 d:/programfiles/atmel/studio/7.0/toolchain/avr8/avr8-gnu-toolchain/bin/../lib/gcc/avr/5.4.0/avr5\libgcc.a(_tablejump2.o)
 .text.libgcc.mul
                0x00000000        0x0 d:/programfiles/atmel/studio/7.0/toolchain/avr8/avr8-gnu-toolchain/bin/../lib/gcc/avr/5.4.0/avr5\libgcc.a(_tablejump2.o)
 .text.libgcc.div
                0x00000000        0x0 d:/programfiles/atmel/studio/7.0/toolchain/avr8/avr8-gnu-toolchain/bin/../lib/gcc/avr/5.4.0/avr5\libgcc.a(_tablejump2.o)
 .text.libgcc.prologue
                0x00000000        0x0 d:/programfiles/atmel/studio/7.0/toolchain/avr8/avr8-gnu-toolchain/bin/../lib/gcc/avr/5.4.0/avr5\libgcc.a(_tablejump2.o)
 .text.libgcc.builtins
                0x00000000        0x0 d:/programfiles/atmel/studio/7.0/toolchain/avr8/avr8-gnu-toolchain/bin/../lib/gcc/avr/5.4.0/avr5\libgcc.a(_tablejump2.o)
 .text.libgcc.fmul
                0x00000000        0x0 d:/programfiles/atmel/studio/7.0/toolchain/avr8/avr8-gnu-toolchain/bin/../lib/gcc/avr/5.4.0/avr5\libgcc.a(_tablejump2.o)
 .text.libgcc.fixed
                0x00000000        0x0 d:/programfiles/atmel/studio/7.0/toolchain/avr8/avr8-gnu-toolchain/bin/../lib/gcc/avr/5.4.0/avr5\libgcc.a(_tablejump2.o)
 .text          0x00000000        0x0 d:/programfiles/atmel/studio/7.0/toolchain/avr8/avr8-gnu-toolchain/bin/../lib/gcc/avr/5.4.0/avr5\libgcc.a(_copy_data.o)
 .data          0x00000000        0x0 d:/programfiles/atmel/studio/7.0/toolchain/avr8/avr8-gnu-toolchain/bin/../lib/gcc/avr/5.4.0/avr5\libgcc.a(_copy_data.o)
 .bss           0x00000000        0x0 d:/programfiles/atmel/studio/7.0/toolchain/avr8/avr8-gnu-toolchain/bin/../lib/gcc/avr/5.4.0/avr5\libgcc.a(_copy_data.o)
 .text.libgcc.mul
                0x00000000        0x0 d:/programfiles/atmel/studio/7.0/toolchain/avr8/avr8-gnu-toolchain/bin/../lib/gcc/avr/5.4.0/avr5\libgcc.a(_copy_data.o)
 .text.libgcc.div
                0x00000000        0x0 d:/programfiles/atmel/studio/7.0/toolchain/avr8/avr8-gnu-toolchain/bin/../lib/gcc/avr/5.4.0/avr5\libgcc.a(_copy_data.o)
 .text.libgcc   0x00000000        0x0 d:/programfiles/atmel/studio/7.0/toolchain/avr8/avr8-gnu-toolchain/bin/../lib/gcc/avr/5.4.0/avr5\libgcc.a(_copy_data.o)
 .text.libgcc.prologue
                0x00000000        0x0 d:/programfiles/atmel/studio/7.0/toolchain/avr8/avr8-gnu-toolchain/bin/../lib/gcc/avr/5.4.0/avr5\libgcc.a(_copy_data.o)
 .text.libgcc.builtins
                0x00000000        0x0 d:/programfiles/atmel/studio/7.0/toolchain/avr8/avr8-gnu-toolchain/bin/../lib/gcc/avr/5.4.0/avr5\libgcc.a(_copy_data.o)
 .text.libgcc.fmul
                0x00000000        0x0 d:/programfiles/atmel/studio/7.0/toolchain/avr8/avr8-gnu-toolchain/bin/../lib/gcc/avr/5.4.0/avr5\libgcc.a(_copy_data.o)
 .text.libgcc.fixed
                0x00000000        0x0 d:/programfiles/atmel/studio/7.0/toolchain/avr8/avr8-gnu-toolchain/bin/../lib/gcc/avr/5.4.0/avr5\libgcc.a(_copy_data.o)
 .text          0x00000000        0x0 d:/programfiles/atmel/studio/7.0/toolchain/avr8/avr8-gnu-toolchain/bin/../lib/gcc/avr/5.4.0/avr5\libgcc.a(_clear_bss.o)
 .data          0x00000000        0x0 d:/programfiles/atmel/studio/7.0/toolchain/avr8/avr8-gnu-toolchain/bin/../lib/gcc/avr/5.4.0/avr5\libgcc.a(_clear_bss.o)
 .bss           0x00000000        0x0 d:/programfiles/atmel/studio/7.0/toolchain/avr8/avr8-gnu-toolchain/bin/../lib/gcc/avr/5.4.0/avr5\libgcc.a(_clear_bss.o)
 .text.libgcc.mul
                0x00000000        0x0 d:/programfiles/atmel/studio/7.0/toolchain/avr8/avr8-gnu-toolchain/bin/../lib/gcc/avr/5.4.0/avr5\libgcc.a(_clear_bss.o)
 .text.libgcc.div
                0x00000000        0x0 d:/programfiles/atmel/studio/7.0/toolchain/avr8/avr8-gnu-toolchain/bin/../lib/gcc/avr/5.4.0/avr5\libgcc.a(_clear_bss.o)
 .text.libgcc   0x00000000        0x0 d:/programfiles/atmel/studio/7.0/toolchain/avr8/avr8-gnu-toolchain/bin/../lib/gcc/avr/5.4.0/avr5\libgcc.a(_clear_bss.o)
 .text.libgcc.prologue
                0x00000000        0x0 d:/programfiles/atmel/studio/7.0/toolchain/avr8/avr8-gnu-toolchain/bin/../lib/gcc/avr/5.4.0/avr5\libgcc.a(_clear_bss.o)
 .text.libgcc.builtins
                0x00000000        0x0 d:/programfiles/atmel/studio/7.0/toolchain/avr8/avr8-gnu-toolchain/bin/../lib/gcc/avr/5.4.0/avr5\libgcc.a(_clear_bss.o)
 .text.libgcc.fmul
                0x00000000        0x0 d:/programfiles/atmel/studio/7.0/toolchain/avr8/avr8-gnu-toolchain/bin/../lib/gcc/avr/5.4.0/avr5\libgcc.a(_clear_bss.o)
 .text.libgcc.fixed
                0x00000000        0x0 d:/programfiles/atmel/studio/7.0/toolchain/avr8/avr8-gnu-toolchain/bin/../lib/gcc/avr/5.4.0/avr5\libgcc.a(_clear_bss.o)
 .text          0x00000000        0x0 d:/programfiles/atmel/studio/7.0/toolchain/avr8/avr8-gnu-toolchain/bin/../lib/gcc/avr/5.4.0/avr5\libgcc.a(_muluhisi3.o)
 .data          0x00000000        0x0 d:/programfiles/atmel/studio/7.0/toolchain/avr8/avr8-gnu-toolchain/bin/../lib/gcc/avr/5.4.0/avr5\libgcc.a(_muluhisi3.o)
 .bss           0x00000000        0x0 d:/programfiles/atmel/studio/7.0/toolchain/avr8/avr8-gnu-toolchain/bin/../lib/gcc/avr/5.4.0/avr5\libgcc.a(_muluhisi3.o)
 .text.libgcc.div
                0x00000000        0x0 d:/programfiles/atmel/studio/7.0/toolchain/avr8/avr8-gnu-toolchain/bin/../lib/gcc/avr/5.4.0/avr5\libgcc.a(_muluhisi3.o)
 .text.libgcc   0x00000000        0x0 d:/programfiles/atmel/studio/7.0/toolchain/avr8/avr8-gnu-toolchain/bin/../lib/gcc/avr/5.4.0/avr5\libgcc.a(_muluhisi3.o)
 .text.libgcc.prologue
                0x00000000        0x0 d:/programfiles/atmel/studio/7.0/toolchain/avr8/avr8-gnu-toolchain/bin/../lib/gcc/avr/5.4.0/avr5\libgcc.a(_muluhisi3.o)
 .text.libgcc.builtins
                0x00000000        0x0 d:/programfiles/atmel/studio/7.0/toolchain/avr8/avr8-gnu-toolchain/bin/../lib/gcc/avr/5.4.0/avr5\libgcc.a(_muluhisi3.o)
 .text.libgcc.fmul
                0x00000000        0x0 d:/programfiles/atmel/studio/7.0/toolchain/avr8/avr8-gnu-toolchain/bin/../lib/gcc/avr/5.4.0/avr5\libgcc.a(_muluhisi3.o)
 .text.libgcc.fixed
                0x00000000        0x0 d:/programfiles/atmel/studio/7.0/toolchain/avr8/avr8-gnu-toolchain/bin/../lib/gcc/avr/5.4.0/avr5\libgcc.a(_muluhisi3.o)
 .text          0x00000000        0x0 d:/programfiles/atmel/studio/7.0/toolchain/avr8/avr8-gnu-toolchain/bin/../lib/gcc/avr/5.4.0/avr5\libgcc.a(_umulhisi3.o)
 .data          0x00000000        0x0 d:/programfiles/atmel/studio/7.0/toolchain/avr8/avr8-gnu-toolchain/bin/../lib/gcc/avr/5.4.0/avr5\libgcc.a(_umulhisi3.o)
 .bss           0x00000000        0x0 d:/programfiles/atmel/studio/7.0/toolchain/avr8/avr8-gnu-toolchain/bin/../lib/gcc/avr/5.4.0/avr5\libgcc.a(_umulhisi3.o)
 .text.libgcc.div
                0x00000000        0x0 d:/programfiles/atmel/studio/7.0/toolchain/avr8/avr8-gnu-toolchain/bin/../lib/gcc/avr/5.4.0/avr5\libgcc.a(_umulhisi3.o)
 .text.libgcc   0x00000000        0x0 d:/programfiles/atmel/studio/7.0/toolchain/avr8/avr8-gnu-toolchain/bin/../lib/gcc/avr/5.4.0/avr5\libgcc.a(_umulhisi3.o)
 .text.libgcc.prologue
                0x00000000        0x0 d:/programfiles/atmel/studio/7.0/toolchain/avr8/avr8-gnu-toolchain/bin/../lib/gcc/avr/5.4.0/avr5\libgcc.a(_umulhisi3.o)
 .text.libgcc.builtins
                0x00000000        0x0 d:/programfiles/atmel/studio/7.0/toolchain/avr8/avr8-gnu-toolchain/bin/../lib/gcc/avr/5.4.0/avr5\libgcc.a(_umulhisi3.o)
 .text.libgcc.fmul
                0x00000000        0x0 d:/programfiles/atmel/studio/7.0/toolchain/avr8/avr8-gnu-toolchain/bin/../lib/gcc/avr/5.4.0/avr5\libgcc.a(_umulhisi3.o)
 .text.libgcc.fixed
                0x00000000        0x0 d:/programfiles/atmel/studio/7.0/toolchain/avr8/avr8-gnu-toolchain/bin/../lib/gcc/avr/5.4.0/avr5\libgcc.a(_umulhisi3.o)

Memory Configuration

Name             Origin             Length             Attributes
text             0x00000000         0x00008000         xr
data             0x00800060         0x00000800         rw !x
eeprom           0x00810000         0x00000400         rw !x
fuse             0x00820000         0x00000002         rw !x
lock             0x00830000         0x00000400         rw !x
signature        0x00840000         0x00000400         rw !x
user_signatures  0x00850000         0x00000400         rw !x
*default*        0x00000000         0xffffffff

Linker script and memory map

LOAD D:/ProgramFiles/Atmel/Studio/7.0/Packs/atmel/ATmega_DFP/1.6.364/gcc/dev/atmega32/avr5/crtatmega32.o
LOAD main.o
START GROUP
LOAD d:/programfiles/atmel/studio/7.0/toolchain/avr8/avr8-gnu-toolchain/bin/../lib/gcc/avr/5.4.0/../../../../avr/lib/avr5\libm.a
END GROUP
START GROUP
LOAD d:/programfiles/atmel/studio/7.0/toolchain/avr8/avr8-gnu-toolchain/bin/../lib/gcc/avr/5.4.0/avr5\libgcc.a
LOAD d:/programfiles/atmel/studio/7.0/toolchain/avr8/avr8-gnu-toolchain/bin/../lib/gcc/avr/5.4.0/../../../../avr/lib/avr5\libm.a
LOAD d:/programfiles/atmel/studio/7.0/toolchain/avr8/avr8-gnu-toolchain/bin/../lib/gcc/avr/5.4.0/../../../../avr/lib/avr5\libc.a
LOAD D:/ProgramFiles/Atmel/Studio/7.0/Packs/atmel/ATmega_DFP/1.6.364/gcc/dev/atmega32/avr5\libatmega32.a
END GROUP
                0x00000000                __TEXT_REGION_ORIGIN__ = DEFINED (__TEXT_REGION_ORIGIN__)?__TEXT_REGION_ORIGIN__:0x0
                [0x00800060]                __DATA_REGION_ORIGIN__ = DEFINED (__DATA_REGION_ORIGIN__)?__DATA_REGION_ORIGIN__:0x800060
                [0x00008000]                __TEXT_REGION_LENGTH__ = DEFINED (__TEXT_REGION_LENGTH__)?__TEXT_REGION_LENGTH__:0x20000
                [0x00000800]                __DATA_REGION_LENGTH__ = DEFINED (__DATA_REGION_LENGTH__)?__DATA_REGION_LENGTH__:0xffa0
                [0x00000400]                __EEPROM_REGION_LENGTH__ = DEFINED (__EEPROM_REGION_LENGTH__)?__EEPROM_REGION_LENGTH__:0x10000
                [0x00000002]                __FUSE_REGION_LENGTH__ = DEFINED (__FUSE_REGION_LENGTH__)?__FUSE_REGION_LENGTH__:0x400
                0x00000400                __LOCK_REGION_LENGTH__ = DEFINED (__LOCK_REGION_LENGTH__)?__LOCK_REGION_LENGTH__:0x400
                0x00000400                __SIGNATURE_REGION_LENGTH__ = DEFINED (__SIGNATURE_REGION_LENGTH__)?__SIGNATURE_REGION_LENGTH__:0x400
                0x00000400                __USER_SIGNATURE_REGION_LENGTH__ = DEFINED (__USER_SIGNATURE_REGION_LENGTH__)?__USER_SIGNATURE_REGION_LENGTH__:0x400

.hash
 *(.hash)

.dynsym
 *(.dynsym)

.dynstr
 *(.dynstr)

.gnu.version
 *(.gnu.version)

.gnu.version_d
 *(.gnu.version_d)

.gnu.version_r
 *(.gnu.version_r)

.rel.init
 *(.rel.init)

.rela.init
 *(.rela.init)

.rel.text
 *(.rel.text)
 *(.rel.text.*)
 *(.rel.gnu.linkonce.t*)

.rela.text
 *(.rela.text)
 *(.rela.text.*)
 *(.rela.gnu.linkonce.t*)

.rel.fini
 *(.rel.fini)

.rela.fini
 *(.rela.fini)

.rel.rodata
 *(.rel.rodata)
 *(.rel.rodata.*)
 *(.rel.gnu.linkonce.r*)

.rela.rodata
 *(.rela.rodata)
 *(.rela.rodata.*)
 *(.rela.gnu.linkonce.r*)

.rel.data
 *(.rel.data)
 *(.rel.data.*)
 *(.rel.gnu.linkonce.d*)

.rela.data
 *(.rela.data)
 *(.rela.data.*)
 *(.rela.gnu.linkonce.d*)

.rel.ctors
 *(.rel.ctors)

.rela.ctors
 *(.rela.ctors)

.rel.dtors
 *(.rel.dtors)

.rela.dtors
 *(.rela.dtors)

.rel.got
 *(.rel.got)

.rela.got
 *(.rela.got)

.rel.bss
 *(.rel.bss)

.rela.bss
 *(.rela.bss)

.rel.plt
 *(.rel.plt)

.rela.plt
 *(.rela.plt)

.text           0x00000000     0x313e
 *(.vectors)
 .vectors       0x00000000       0x54 D:/ProgramFiles/Atmel/Studio/7.0/Packs/atmel/ATmega_DFP/1.6.364/gcc/dev/atmega32/avr5/crtatmega32.o
                0x00000000                __vector_default
                0x00000000                __vectors
 *(.vectors)
 *(.progmem.gcc*)
 .progmem.gcc_sw_table.RTC_displayDay
                0x00000054        0xe main.o
 .progmem.gcc_sw_table.main
                0x00000062       0x68 main.o
                0x000000ca                . = ALIGN (0x2)
                0x000000ca                __trampolines_start = .
 *(.trampolines)
 .trampolines   0x000000ca        0x0 linker stubs
 *(.trampolines*)
                0x000000ca                __trampolines_end = .
 *libprintf_flt.a:*(.progmem.data)
 *libc.a:*(.progmem.data)
 *(.progmem*)
 .progmem.data.__c.2720
                0x000000ca       0x11 main.o
 .progmem.data.__c.2709
                0x000000db       0x16 main.o
 .progmem.data.__c.2702
                0x000000f1       0x12 main.o
 .progmem.data.__c.2696
                0x00000103       0x11 main.o
 .progmem.data.__c.2691
                0x00000114        0xe main.o
 .progmem.data.__c.2688
                0x00000122       0x12 main.o
 .progmem.data.__c.2686
                0x00000134        0xf main.o
 .progmem.data.__c.2682
                0x00000143       0x1a main.o
 .progmem.data.__c.2678
                0x0000015d        0x8 main.o
 .progmem.data.__c.2676
                0x00000165        0xf main.o
 .progmem.data.__c.2673
                0x00000174       0x24 main.o
 .progmem.data.__c.2670
                0x00000198       0x18 main.o
 .progmem.data.__c.2668
                0x000001b0       0x1e main.o
 .progmem.data.__c.2666
                0x000001ce       0x30 main.o
 .progmem.data.__c.2664
                0x000001fe       0x35 main.o
 .progmem.data.__c.2662
                0x00000233       0x30 main.o
 .progmem.data.__c.2660
                0x00000263       0x2e main.o
 .progmem.data.__c.2658
                0x00000291       0x36 main.o
 .progmem.data.__c.2656
                0x000002c7       0x13 main.o
 .progmem.data.__c.2654
                0x000002da       0x11 main.o
 .progmem.data.__c.2652
                0x000002eb       0x11 main.o
 .progmem.data.__c.2650
                0x000002fc       0x1a main.o
 .progmem.data.__c.2647
                0x00000316       0x2b main.o
 .progmem.data.__c.2644
                0x00000341       0x1d main.o
 .progmem.data.__c.2640
                0x0000035e       0x2b main.o
 .progmem.data.__c.2636
                0x00000389       0x1d main.o
 .progmem.data.__c.2634
                0x000003a6       0x17 main.o
 .progmem.data.__c.2629
                0x000003bd       0x35 main.o
 .progmem.data.__c.2627
                0x000003f2       0x28 main.o
 .progmem.data.__c.2625
                0x0000041a       0x35 main.o
 .progmem.data.__c.2590
                0x0000044f        0xf main.o
 .progmem.data.__c.2583
                0x0000045e        0xf main.o
 .progmem.data.__c.2556
                0x0000046d       0x19 main.o
 .progmem.data.__c.2554
                0x00000486       0x15 main.o
 .progmem.data.__c.2546
                0x0000049b       0x10 main.o
 .progmem.data.__c.2541
                0x000004ab       0x10 main.o
 .progmem.data.__c.2538
                0x000004bb       0x12 main.o
 .progmem.data.__c.2529
                0x000004cd       0x1a main.o
 .progmem.data.__c.2527
                0x000004e7       0x12 main.o
 .progmem.data.__c.2525
                0x000004f9       0x11 main.o
 .progmem.data.__c.2521
                0x0000050a       0x27 main.o
 .progmem.data.__c.2480
                0x00000531       0x13 main.o
 .progmem.data.__c.2468
                0x00000544       0x19 main.o
 .progmem.data.__c.2447
                0x0000055d       0x19 main.o
 .progmem.data.__c.2439
                0x00000576        0x5 main.o
 .progmem.data.__c.2437
                0x0000057b        0x4 main.o
 .progmem.data.__c.2435
                0x0000057f        0x4 main.o
 .progmem.data.__c.2433
                0x00000583        0x5 main.o
 .progmem.data.__c.2431
                0x00000588        0x4 main.o
 .progmem.data.__c.2425
                0x0000058c        0xe main.o
 .progmem.data.__c.2423
                0x0000059a        0xb main.o
 .progmem.data.__c.2418
                0x000005a5       0x15 main.o
 .progmem.data.__c.2208
                0x000005ba       0x10 main.o
 .progmem.data.__c.2206
                0x000005ca       0x15 main.o
 .progmem.data.__c.2204
                0x000005df       0x1a main.o
 .progmem.data.__c.2202
                0x000005f9       0x29 main.o
 .progmem.data.__c.2199
                0x00000622       0x17 main.o
 .progmem.data.__c.2193
                0x00000639       0x10 main.o
 .progmem.data.__c.2191
                0x00000649       0x15 main.o
 .progmem.data.__c.2189
                0x0000065e       0x1a main.o
 .progmem.data.__c.2186
                0x00000678       0x24 main.o
 .progmem.data.__c.2161
                0x0000069c        0x8 main.o
 .progmem.data.__c.2158
                0x000006a4        0x9 main.o
 .progmem.data.__c.2155
                0x000006ad        0x7 main.o
 .progmem.data.__c.2152
                0x000006b4        0x9 main.o
 .progmem.data.__c.2149
                0x000006bd        0xa main.o
 .progmem.data.__c.2146
                0x000006c7        0x8 main.o
 .progmem.data.__c.2143
                0x000006cf        0x7 main.o
 .progmem.data.__c.2139
                0x000006d6        0x7 main.o
 .progmem.data.__c.2136
                0x000006dd        0xa main.o
 .progmem.data.__c.2131
                0x000006e7        0x6 main.o
 .progmem.data.__c.2125
                0x000006ed        0x6 main.o
                0x000006f4                . = ALIGN (0x2)
 *fill*         0x000006f3        0x1 
 *(.jumptables)
 *(.jumptables*)
 *(.lowtext)
 *(.lowtext*)
                0x000006f4                __ctors_start = .
 *(.ctors)
                0x000006f4                __ctors_end = .
                0x000006f4                __dtors_start = .
 *(.dtors)
                0x000006f4                __dtors_end = .
 SORT(*)(.ctors)
 SORT(*)(.dtors)
 *(.init0)
 .init0         0x000006f4        0x0 D:/ProgramFiles/Atmel/Studio/7.0/Packs/atmel/ATmega_DFP/1.6.364/gcc/dev/atmega32/avr5/crtatmega32.o
                0x000006f4                __init
 *(.init0)
 *(.init1)
 *(.init1)
 *(.init2)
 .init2         0x000006f4        0xc D:/ProgramFiles/Atmel/Studio/7.0/Packs/atmel/ATmega_DFP/1.6.364/gcc/dev/atmega32/avr5/crtatmega32.o
 *(.init2)
 *(.init3)
 *(.init3)
 *(.init4)
 .init4         0x00000700       0x16 d:/programfiles/atmel/studio/7.0/toolchain/avr8/avr8-gnu-toolchain/bin/../lib/gcc/avr/5.4.0/avr5\libgcc.a(_copy_data.o)
                0x00000700                __do_copy_data
 .init4         0x00000716       0x10 d:/programfiles/atmel/studio/7.0/toolchain/avr8/avr8-gnu-toolchain/bin/../lib/gcc/avr/5.4.0/avr5\libgcc.a(_clear_bss.o)
                0x00000716                __do_clear_bss
 *(.init4)
 *(.init5)
 *(.init5)
 *(.init6)
 *(.init6)
 *(.init7)
 *(.init7)
 *(.init8)
 *(.init8)
 *(.init9)
 .init9         0x00000726        0x8 D:/ProgramFiles/Atmel/Studio/7.0/Packs/atmel/ATmega_DFP/1.6.364/gcc/dev/atmega32/avr5/crtatmega32.o
 *(.init9)
 *(.text)
 .text          0x0000072e        0x4 D:/ProgramFiles/Atmel/Studio/7.0/Packs/atmel/ATmega_DFP/1.6.364/gcc/dev/atmega32/avr5/crtatmega32.o
                0x0000072e                __vector_1
                0x0000072e                __vector_12
                0x0000072e                __bad_interrupt
                0x0000072e                __vector_6
                0x0000072e                __vector_3
                0x0000072e                __vector_11
                0x0000072e                __vector_13
                0x0000072e                __vector_17
                0x0000072e                __vector_19
                0x0000072e                __vector_7
                0x0000072e                __vector_5
                0x0000072e                __vector_4
                0x0000072e                __vector_9
                0x0000072e                __vector_2
                0x0000072e                __vector_15
                0x0000072e                __vector_8
                0x0000072e                __vector_14
                0x0000072e                __vector_10
                0x0000072e                __vector_16
                0x0000072e                __vector_18
                0x0000072e                __vector_20
                0x00000732                . = ALIGN (0x2)
 *(.text.*)
 .text.spi_init
                0x00000732        0x8 main.o
                0x00000732                spi_init
 .text.SPI_transmit
                0x0000073a        0xa main.o
                0x0000073a                SPI_transmit
 .text.SPI_receive
                0x00000744        0xc main.o
                0x00000744                SPI_receive
 .text.SD_sendCommand
                0x00000750       0xdc main.o
                0x00000750                SD_sendCommand
 .text.SD_erase
                0x0000082c       0x62 main.o
                0x0000082c                SD_erase
 .text.SD_readSingleBlock
                0x0000088e       0x70 main.o
                0x0000088e                SD_readSingleBlock
 .text.SD_writeSingleBlock
                0x000008fe       0xba main.o
                0x000008fe                SD_writeSingleBlock
 .text.uart0_init
                0x000009b8       0x14 main.o
                0x000009b8                uart0_init
 .text.receiveByte
                0x000009cc        0xa main.o
                0x000009cc                receiveByte
 .text.transmitByte
                0x000009d6        0x8 main.o
                0x000009d6                transmitByte
 .text.SD_init  0x000009de      0x11c main.o
                0x000009de                SD_init
 .text.transmitString_F
                0x00000afa       0x22 main.o
                0x00000afa                transmitString_F
 .text.transmitString
                0x00000b1c       0x1a main.o
                0x00000b1c                transmitString
 .text.RTC_displayDay
                0x00000b36       0x70 main.o
                0x00000b36                RTC_displayDay
 .text.RTC_updateRegisters
                0x00000ba6       0xb8 main.o
                0x00000ba6                RTC_updateRegisters
 .text.twi_init
                0x00000c5e        0xa main.o
                0x00000c5e                twi_init
 .text.i2c_start
                0x00000c68       0x1a main.o
                0x00000c68                i2c_start
 .text.i2c_repeatStart
                0x00000c82       0x1a main.o
                0x00000c82                i2c_repeatStart
 .text.i2c_sendAddress
                0x00000c9c       0x26 main.o
                0x00000c9c                i2c_sendAddress
 .text.i2c_sendData
                0x00000cc2       0x1c main.o
                0x00000cc2                i2c_sendData
 .text.i2c_receiveData_ACK
                0x00000cde       0x1a main.o
                0x00000cde                i2c_receiveData_ACK
 .text.i2c_receiveData_NACK
                0x00000cf8       0x1a main.o
                0x00000cf8                i2c_receiveData_NACK
 .text.i2c_stop
                0x00000d12        0x6 main.o
                0x00000d12                i2c_stop
 .text.RTC_read
                0x00000d18       0x90 main.o
                0x00000d18                RTC_read
 .text.RTC_getTime
                0x00000da8       0x90 main.o
                0x00000da8                RTC_getTime
 .text.RTC_displayTime
                0x00000e38       0x2c main.o
                0x00000e38                RTC_displayTime
 .text.RTC_getDate
                0x00000e64       0x8a main.o
                0x00000e64                RTC_getDate
 .text.RTC_displayDate
                0x00000eee       0x30 main.o
                0x00000eee                RTC_displayDate
 .text.getDateTime_FAT
                0x00000f1e      0x10c main.o
                0x00000f1e                getDateTime_FAT
 .text.RTC_writeTime
                0x0000102a       0x64 main.o
                0x0000102a                RTC_writeTime
 .text.RTC_updateTime
                0x0000108e      0x130 main.o
                0x0000108e                RTC_updateTime
 .text.RTC_writeDate
                0x000011be       0x64 main.o
                0x000011be                RTC_writeDate
 .text.RTC_updateDate
                0x00001222      0x192 main.o
                0x00001222                RTC_updateDate
 .text.getFirstSector
                0x000013b4       0x3a main.o
                0x000013b4                getFirstSector
 .text.getSetNextCluster
                0x000013ee       0xf6 main.o
                0x000013ee                getSetNextCluster
 .text.getSetFreeCluster
                0x000014e4      0x124 main.o
                0x000014e4                getSetFreeCluster
 .text.getBootSectorData
                0x00001608      0x182 main.o
                0x00001608                getBootSectorData
 .text.convertFileName
                0x0000178a      0x128 main.o
                0x0000178a                convertFileName
 .text.searchNextFreeCluster
                0x000018b2       0xee main.o
                0x000018b2                searchNextFreeCluster
 .text.displayMemory
                0x000019a0       0xc0 main.o
                0x000019a0                displayMemory
 .text.memoryStatistics
                0x00001a60      0x258 main.o
                0x00001a60                memoryStatistics
 .text.freeMemoryUpdate
                0x00001cb8       0xe0 main.o
                0x00001cb8                freeMemoryUpdate
 .text.findFiles
                0x00001d98      0x39e main.o
                0x00001d98                findFiles
 .text.readFile
                0x00002136      0x17e main.o
                0x00002136                readFile
 .text.deleteFile
                0x000022b4       0x1c main.o
                0x000022b4                deleteFile
 .text.writeFile
                0x000022d0      0x75e main.o
                0x000022d0                writeFile
 .text.port_init
                0x00002a2e       0x18 main.o
                0x00002a2e                port_init
 .text.init_devices
                0x00002a46       0x1a main.o
                0x00002a46                init_devices
 .text.main     0x00002a60      0x656 main.o
                0x00002a60                main
 .text.libgcc.div
                0x000030b6       0x44 d:/programfiles/atmel/studio/7.0/toolchain/avr8/avr8-gnu-toolchain/bin/../lib/gcc/avr/5.4.0/avr5\libgcc.a(_udivmodsi4.o)
                0x000030b6                __udivmodsi4
 .text.libgcc   0x000030fa        0xc d:/programfiles/atmel/studio/7.0/toolchain/avr8/avr8-gnu-toolchain/bin/../lib/gcc/avr/5.4.0/avr5\libgcc.a(_tablejump2.o)
                0x000030fa                __tablejump2__
 .text.libgcc.mul
                0x00003106       0x16 d:/programfiles/atmel/studio/7.0/toolchain/avr8/avr8-gnu-toolchain/bin/../lib/gcc/avr/5.4.0/avr5\libgcc.a(_muluhisi3.o)
                0x00003106                __muluhisi3
 .text.libgcc.mul
                0x0000311c       0x1e d:/programfiles/atmel/studio/7.0/toolchain/avr8/avr8-gnu-toolchain/bin/../lib/gcc/avr/5.4.0/avr5\libgcc.a(_umulhisi3.o)
                0x0000311c                __umulhisi3
                0x0000313a                . = ALIGN (0x2)
 *(.fini9)
 .fini9         0x0000313a        0x0 d:/programfiles/atmel/studio/7.0/toolchain/avr8/avr8-gnu-toolchain/bin/../lib/gcc/avr/5.4.0/avr5\libgcc.a(_exit.o)
                0x0000313a                _exit
                0x0000313a                exit
 *(.fini9)
 *(.fini8)
 *(.fini8)
 *(.fini7)
 *(.fini7)
 *(.fini6)
 *(.fini6)
 *(.fini5)
 *(.fini5)
 *(.fini4)
 *(.fini4)
 *(.fini3)
 *(.fini3)
 *(.fini2)
 *(.fini2)
 *(.fini1)
 *(.fini1)
 *(.fini0)
 .fini0         0x0000313a        0x4 d:/programfiles/atmel/studio/7.0/toolchain/avr8/avr8-gnu-toolchain/bin/../lib/gcc/avr/5.4.0/avr5\libgcc.a(_exit.o)
 *(.fini0)
                0x0000313e                _etext = .

.data           0x00800060       0x20 load address 0x0000313e
                0x00800060                PROVIDE (__data_start, .)
 *(.data)
 *(.data*)
 *(.gnu.linkonce.d*)
 *(.rodata)
 *(.rodata*)
 .rodata.str1.1
                0x00800060       0x1f main.o
 *(.gnu.linkonce.r*)
                0x00800080                . = ALIGN (0x2)
 *fill*         0x0080007f        0x1 
                0x00800080                _edata = .
                0x00800080                PROVIDE (__data_end, .)

.bss            0x00800080      0x253
                0x00800080                PROVIDE (__bss_start, .)
 *(.bss)
 *(.bss*)
 *(COMMON)
 COMMON         0x00800080      0x253 main.o
                0x00800080                rtc_register
                0x00800087                appendFileLocation
                0x0080008b                dateFAT
                0x0080008d                firstDataSector
                0x00800091                fileSize
                0x00800095                bytesPerSector
                0x00800097                totalClusters
                0x0080009b                rootCluster
                0x0080009f                timeFAT
                0x008000a1                startBlock
                0x008000a5                buffer
                0x008002a5                sectorPerCluster
                0x008002a7                unusedSectors
                0x008002ab                SDHC_flag
                0x008002ac                totalBlocks
                0x008002b0                reservedSectorCount
                0x008002b2                time
                0x008002bc                appendStartCluster
                0x008002c0                cardType
                0x008002c1                day
                0x008002c2                date
                0x008002ce                freeClusterCountUpdated
                0x008002cf                appendFileSector
                0x008002d3                PROVIDE (__bss_end, .)
                0x0000313e                __data_load_start = LOADADDR (.data)
                0x0000315e                __data_load_end = (__data_load_start + SIZEOF (.data))

.noinit         0x008002d3        0x0
                [!provide]                PROVIDE (__noinit_start, .)
 *(.noinit*)
                [!provide]                PROVIDE (__noinit_end, .)
                0x008002d3                _end = .
                [!provide]                PROVIDE (__heap_start, .)

.eeprom         0x00810000        0x0
 *(.eeprom*)
                0x00810000                __eeprom_end = .

.fuse
 *(.fuse)
 *(.lfuse)
 *(.hfuse)
 *(.efuse)

.lock
 *(.lock*)

.signature
 *(.signature*)

.user_signatures
 *(.user_signatures*)

.stab
 *(.stab)

.stabstr
 *(.stabstr)

.stab.excl
 *(.stab.excl)

.stab.exclstr
 *(.stab.exclstr)

.stab.index
 *(.stab.index)

.stab.indexstr
 *(.stab.indexstr)

.comment        0x00000000       0x30
 *(.comment)
 .comment       0x00000000       0x30 main.o
                                 0x31 (size before relaxing)

.note.gnu.avr.deviceinfo
                0x00000000       0x3c
 .note.gnu.avr.deviceinfo
                0x00000000       0x3c D:/ProgramFiles/Atmel/Studio/7.0/Packs/atmel/ATmega_DFP/1.6.364/gcc/dev/atmega32/avr5/crtatmega32.o

.note.gnu.build-id
 *(.note.gnu.build-id)

.debug
 *(.debug)

.line
 *(.line)

.debug_srcinfo
 *(.debug_srcinfo)

.debug_sfnames
 *(.debug_sfnames)

.debug_aranges  0x00000000      0x1b0
 *(.debug_aranges)
 .debug_aranges
                0x00000000      0x1b0 main.o

.debug_pubnames
 *(.debug_pubnames)

.debug_info     0x00000000     0x3dc0
 *(.debug_info .gnu.linkonce.wi.*)
 .debug_info    0x00000000      0x4e6 D:/ProgramFiles/Atmel/Studio/7.0/Packs/atmel/ATmega_DFP/1.6.364/gcc/dev/atmega32/avr5/crtatmega32.o
 .debug_info    0x000004e6     0x38da main.o

.debug_abbrev   0x00000000      0x7c6
 *(.debug_abbrev)
 .debug_abbrev  0x00000000      0x4a3 D:/ProgramFiles/Atmel/Studio/7.0/Packs/atmel/ATmega_DFP/1.6.364/gcc/dev/atmega32/avr5/crtatmega32.o
 .debug_abbrev  0x000004a3      0x323 main.o

.debug_line     0x00000000     0x2237
 *(.debug_line .debug_line.* .debug_line_end)
 .debug_line    0x00000000      0x116 D:/ProgramFiles/Atmel/Studio/7.0/Packs/atmel/ATmega_DFP/1.6.364/gcc/dev/atmega32/avr5/crtatmega32.o
 .debug_line    0x00000116     0x2121 main.o

.debug_frame    0x00000000      0x69c
 *(.debug_frame)
 .debug_frame   0x00000000      0x69c main.o

.debug_str      0x00000000      0xc1e
 *(.debug_str)
 .debug_str     0x00000000      0x196 D:/ProgramFiles/Atmel/Studio/7.0/Packs/atmel/ATmega_DFP/1.6.364/gcc/dev/atmega32/avr5/crtatmega32.o
 .debug_str     0x00000196      0xa88 main.o
                                0xaf3 (size before relaxing)

.debug_loc      0x00000000     0x2dee
 *(.debug_loc)
 .debug_loc     0x00000000     0x2dee main.o

.debug_macinfo
 *(.debug_macinfo)

.debug_weaknames
 *(.debug_weaknames)

.debug_funcnames
 *(.debug_funcnames)

.debug_typenames
 *(.debug_typenames)

.debug_varnames
 *(.debug_varnames)

.debug_pubtypes
 *(.debug_pubtypes)

.debug_ranges   0x00000000      0x1a0
 *(.debug_ranges)
 .debug_ranges  0x00000000      0x1a0 main.o

.debug_macro
 *(.debug_macro)
OUTPUT(sd_card.elf elf32-avr)
LOAD linker stubs
